- dependencies:
  - extras:
      artifactId: logback-classic
      groupId: ch.qos.logback
      pomPath: /opt/input/source/pom.xml
    name: ch.qos.logback.logback-classic
    prefix: file:///root/.m2/repository/ch/qos/logback/logback-classic/1.1.7
    version: 1.1.7
  - extras:
      artifactId: jackson-bom
      groupId: com.fasterxml.jackson
      pomPath: /opt/input/source/pom.xml
    name: com.fasterxml.jackson.jackson-bom
    prefix: file:///root/.m2/repository/com/fasterxml/jackson/jackson-bom/2.12.3
    version: 2.12.3
  - extras:
      artifactId: h2
      groupId: com.h2database
      pomPath: /opt/input/source/pom.xml
    name: com.h2database.h2
    prefix: file:///root/.m2/repository/com/h2database/h2/2.1.214
    version: 2.1.214
  - extras:
      artifactId: ojdbc11
      groupId: com.oracle.database.jdbc
      pomPath: /opt/input/source/pom.xml
    name: com.oracle.database.jdbc.ojdbc11
    prefix: file:///root/.m2/repository/com/oracle/database/jdbc/ojdbc11/21.1.0.0
    version: 21.1.0.0
  - extras:
      artifactId: configuration-utils
      groupId: io.konveyor.demo
      pomPath: /opt/input/source/pom.xml
    name: io.konveyor.demo.configuration-utils
    prefix: file:///root/.m2/repository/io/konveyor/demo/configuration-utils/1.0.0
    version: 1.0.0
  - extras:
      artifactId: tomcat-jdbc
      groupId: org.apache.tomcat
      pomPath: /opt/input/source/pom.xml
    name: org.apache.tomcat.tomcat-jdbc
    prefix: file:///root/.m2/repository/org/apache/tomcat/tomcat-jdbc/9.0.46
    version: 9.0.46
  - extras:
      artifactId: tomcat-servlet-api
      groupId: org.apache.tomcat
      pomPath: /opt/input/source/pom.xml
    name: org.apache.tomcat.tomcat-servlet-api
    prefix: file:///root/.m2/repository/org/apache/tomcat/tomcat-servlet-api/9.0.46
    version: 9.0.46
  - extras:
      artifactId: hibernate-entitymanager
      groupId: org.hibernate
      pomPath: /opt/input/source/pom.xml
    name: org.hibernate.hibernate-entitymanager
    prefix: file:///root/.m2/repository/org/hibernate/hibernate-entitymanager/5.4.32.Final
    version: 5.4.32.Final
  - extras:
      artifactId: hibernate-validator
      groupId: org.hibernate.validator
      pomPath: /opt/input/source/pom.xml
    name: org.hibernate.validator.hibernate-validator
    prefix: file:///root/.m2/repository/org/hibernate/validator/hibernate-validator/6.2.0.Final
    version: 6.2.0.Final
  - extras:
      artifactId: postgresql
      groupId: org.postgresql
      pomPath: /opt/input/source/pom.xml
    name: org.postgresql.postgresql
    prefix: file:///root/.m2/repository/org/postgresql/postgresql/42.2.23
    version: 42.2.23
  - extras:
      artifactId: spring-boot-starter-actuator
      groupId: org.springframework.boot
      pomPath: /opt/input/source/pom.xml
    name: org.springframework.boot.spring-boot-starter-actuator
    prefix: file:///root/.m2/repository/org/springframework/boot/spring-boot-starter-actuator/2.5.0
    version: 2.5.0
  - extras:
      artifactId: spring-data-bom
      groupId: org.springframework.data
      pomPath: /opt/input/source/pom.xml
    name: org.springframework.data.spring-data-bom
    prefix: file:///root/.m2/repository/org/springframework/data/spring-data-bom/2021.0.1
    version: 2021.0.1
  - extras:
      artifactId: spring-jdbc
      groupId: org.springframework
      pomPath: /opt/input/source/pom.xml
    name: org.springframework.spring-jdbc
    prefix: file:///root/.m2/repository/org/springframework/spring-jdbc/5.3.7
    version: 5.3.7
  - extras:
      artifactId: spring-web
      groupId: org.springframework
      pomPath: /opt/input/source/pom.xml
    name: org.springframework.spring-web
    prefix: file:///root/.m2/repository/org/springframework/spring-web/5.3.7
    version: 5.3.7
  - extras:
      artifactId: spring-webmvc
      groupId: org.springframework
      pomPath: /opt/input/source/pom.xml
    name: org.springframework.spring-webmvc
    prefix: file:///root/.m2/repository/org/springframework/spring-webmvc/5.3.7
    version: 5.3.7
  fileURI: file:///opt/input/source/pom.xml
  provider: java
