- name: discovery-rules
  tags:
  - EJB XML
  - Java Source
  - Maven XML
  - Properties
  violations:
    hardcoded-ip-address:
      category: mandatory
      description: Hardcoded IP Address
      effort: 1
      incidents:
      - codeSnip: "  1   jdbc.driverClassName=oracle.jdbc.driver.OracleDriver\n  2\
          \   jdbc.url=jdbc:oracle:thin:@10.19.2.93:1521:xe\n  3   jdbc.user=customers\n\
          \  4   jdbc.password=customers\n  5   hibernate.hbm2ddl.auto=create-drop\n\
          \  6   hibernate.dialect=org.hibernate.dialect.OracleDialect\n  7  \n  8\
          \  # PostgreSQL\n  9  #jdbc.driverClassName=org.postgresql.Driver \n 10\
          \  #jdbc.url=jdbc:postgresql://customers-postgresql:5432/customers\n 11\
          \  #jdbc.user=customers\n 12  #jdbc.password=customers\n 13  #hibernate.hbm2ddl.auto=create-drop\n\
          \ 14  #hibernate.dialect=org.hibernate.dialect.PostgreSQL9Dialect\n"
        lineNumber: 2
        message: When migrating environments, hard-coded IP addresses may need to
          be modified or eliminated.
        uri: src/main/resources/persistence.properties
        variables:
          matchingText: 10.19.2.93
      labels:
      - discovery
      - konveyor.io/target=cloud-readiness
      - konveyor.io/target=discovery
- description: This ruleset provides analysis of logging libraries.
  name: technology-usage
  tags:
  - Bean=EJB XML
  - Connect=EJB XML
  - Connect=Servlet
  - Embedded framework - Spring MVC
  - Embedded framework - Spring Web
  - Embedded library - Spring Boot Actuator
  - Embedded=Properties
  - Embedded=Spring Web
  - HTTP=Servlet
  - Java EE=EJB XML
  - Java EE=JPA named queries
  - Java EE=Servlet
  - Java Servlet
  - Other=Properties
  - Persistence=JPA named queries
  - Servlet
  - Spring Boot Actuator
  - Spring MVC
  - Spring Web
  - Store=JPA named queries
  - Sustain=Properties
  - View=Spring Web
  - Web=Spring Web
