description: This ruleset provides analysis of logging libraries.
name: technology-usage
tags:
- Bean=EJB XML
- CDI
- Clustering Web Session
- Clustering=Web Session
- Connect=EJB XML
- Connect=Mail
- Connect=RMI
- Database=JDBC XA datasources
- Database=JDBC datasources
- EJB Timer
- Embedded technology - WebSocket
- Execute=CDI
- Execute=EJB Timer
- Execute=Java EE JSON-P
- Inversion of Control=CDI
- Java EE JSON-P
- Java EE=CDI
- Java EE=EJB Timer
- Java EE=EJB XML
- Java EE=JDBC XA datasources
- Java EE=JDBC datasources
- Java EE=JPA XML
- Java EE=JPA entities
- Java EE=JPA named queries
- Java EE=Java EE JSON-P
- Java EE=Mail
- Java EE=Persistence units
- Java EE=RMI
- Java EE=Web Session
- Java Threads
- Mail usage
- Other=Mail
- Other=RMI
- Persistence=JPA XML
- Persistence=JPA entities
- Persistence=JPA named queries
- Persistence=Persistence units
- Processing=EJB Timer
- Processing=Java EE JSON-P
- Store=JDBC XA datasources
- Store=JDBC datasources
- Store=JPA XML
- Store=JPA entities
- Store=JPA named queries
- Store=Persistence units
- Sustain=Web Session
- Threads
- WebSocket
