- dependencies:
  - labels:
    - konveyor.io/dep-source=internal
    - konveyor.io/language=java
    name: AdministracionEfectivoGrupo.AdministracionEfectivo-ejb
    prefix: file:///root/.m2/repository/AdministracionEfectivoGrupo/AdministracionEfectivo-ejb/0.0.1-SNAPSHOT
    version: 0.0.1-SNAPSHOT
  fileURI: /opt/input/source/AdministracionEfectivo.ear/AdministracionEfectivo-ear-exploded/AdministracionEfectivo-ejb-0.0.1-SNAPSHOT-decompiled/AdministracionEfectivo-ejb-0.0.1-SNAPSHOT.jar/AdministracionEfectivo-ejb-0.0.1-SNAPSHOT.jar
  provider: java
- dependencies:
  - labels:
    - konveyor.io/dep-source=internal
    - konveyor.io/language=java
    name: AdministracionEfectivoGrupo.AdministracionEfectivo-jpa
    prefix: file:///root/.m2/repository/AdministracionEfectivoGrupo/AdministracionEfectivo-jpa/0.0.1-SNAPSHOT
    version: 0.0.1-SNAPSHOT
  fileURI: /opt/input/source/AdministracionEfectivo.ear/AdministracionEfectivo-ear-exploded/AdministracionEfectivo-jpa-0.0.1-SNAPSHOT-decompiled/AdministracionEfectivo-jpa-0.0.1-SNAPSHOT.jar/AdministracionEfectivo-jpa-0.0.1-SNAPSHOT.jar
  provider: java
- dependencies:
  - labels:
    - konveyor.io/dep-source=internal
    - konveyor.io/language=java
    name: AdministracionEfectivoGrupo.AdministracionEfectivo-seguridad
    prefix: file:///root/.m2/repository/AdministracionEfectivoGrupo/AdministracionEfectivo-seguridad/0.0.1-SNAPSHOT
    version: 0.0.1-SNAPSHOT
  fileURI: /opt/input/source/AdministracionEfectivo.ear/AdministracionEfectivo-ear-exploded/AdministracionEfectivo-seguridad-0.0.1-SNAPSHOT-decompiled/AdministracionEfectivo-seguridad-0.0.1-SNAPSHOT.jar/AdministracionEfectivo-seguridad-0.0.1-SNAPSHOT.jar
  provider: java
- dependencies:
  - labels:
    - konveyor.io/dep-source=open-source
    - konveyor.io/language=java
    name: org.primefaces.primefaces
    prefix: file:///root/.m2/repository/org/primefaces/primefaces/3.5
    version: '3.5'
  fileURI: /opt/input/source/AdministracionEfectivo.ear/AdministracionEfectivo-ear-exploded/AdministracionEfectivo-web-0-0-1-SNAPSHOT-war-exploded/WEB-INF/lib/WEB-INF/lib/primefaces-3.5-decompiled/primefaces-3.5.jar/primefaces-3.5.jar
  provider: java
- dependencies:
  - labels:
    - konveyor.io/dep-source=open-source
    - konveyor.io/language=java
    name: antlr.antlr
    prefix: file:///root/.m2/repository/antlr/antlr/2.7.7
    resolvedIdentifier: 83cd2cd674a217ade95a4bb83a8a14f351f48bd0
    version: 2.7.7
  fileURI: /opt/input/source/AdministracionEfectivo.ear/AdministracionEfectivo-ear-exploded/AdministracionEfectivo-web-0-0-1-SNAPSHOT-war-exploded/WEB-INF/lib/antlr-2.7.7.jar/antlr-2.7.7.jar
  provider: java
- dependencies:
  - labels:
    - konveyor.io/dep-source=open-source
    - konveyor.io/language=java
    name: aopalliance.aopalliance
    prefix: file:///root/.m2/repository/aopalliance/aopalliance/1.0
    resolvedIdentifier: 0235ba8b489512805ac13a8f9ea77a1ca5ebe3e8
    version: '1.0'
  fileURI: /opt/input/source/AdministracionEfectivo.ear/AdministracionEfectivo-ear-exploded/AdministracionEfectivo-web-0-0-1-SNAPSHOT-war-exploded/WEB-INF/lib/aopalliance-1.0.jar/aopalliance-1.0.jar
  provider: java
- dependencies:
  - name: bcmail-jdk14-1.38.jar
  fileURI: /opt/input/source/AdministracionEfectivo.ear/AdministracionEfectivo-ear-exploded/AdministracionEfectivo-web-0-0-1-SNAPSHOT-war-exploded/WEB-INF/lib/bcmail-jdk14-1.38.jar/bcmail-jdk14-1.38.jar
  provider: java
- dependencies:
  - name: bcmail-jdk14-138.jar
  fileURI: /opt/input/source/AdministracionEfectivo.ear/AdministracionEfectivo-ear-exploded/AdministracionEfectivo-web-0-0-1-SNAPSHOT-war-exploded/WEB-INF/lib/bcmail-jdk14-138.jar/bcmail-jdk14-138.jar
  provider: java
- dependencies:
  - name: bcprov-jdk14-1.38.jar
  fileURI: /opt/input/source/AdministracionEfectivo.ear/AdministracionEfectivo-ear-exploded/AdministracionEfectivo-web-0-0-1-SNAPSHOT-war-exploded/WEB-INF/lib/bcprov-jdk14-1.38.jar/bcprov-jdk14-1.38.jar
  provider: java
- dependencies:
  - name: bcprov-jdk14-138.jar
  fileURI: /opt/input/source/AdministracionEfectivo.ear/AdministracionEfectivo-ear-exploded/AdministracionEfectivo-web-0-0-1-SNAPSHOT-war-exploded/WEB-INF/lib/bcprov-jdk14-138.jar/bcprov-jdk14-138.jar
  provider: java
- dependencies:
  - labels:
    - konveyor.io/dep-source=open-source
    - konveyor.io/language=java
    name: org.bouncycastle.bctsp-jdk14
    prefix: file:///root/.m2/repository/org/bouncycastle/bctsp-jdk14/1.38
    resolvedIdentifier: 4821122f8390d15f4b5ee652621e2a2bb1f1bf16
    version: '1.38'
  fileURI: /opt/input/source/AdministracionEfectivo.ear/AdministracionEfectivo-ear-exploded/AdministracionEfectivo-web-0-0-1-SNAPSHOT-war-exploded/WEB-INF/lib/bctsp-jdk14-1.38.jar/bctsp-jdk14-1.38.jar
  provider: java
- dependencies:
  - labels:
    - konveyor.io/dep-source=open-source
    - konveyor.io/language=java
    name: c3p0.c3p0
    prefix: file:///root/.m2/repository/c3p0/c3p0/0.9.1.1
    resolvedIdentifier: 302704f30c6e7abb7a0457f7771739e03c973e80
    version: 0.9.1.1
  fileURI: /opt/input/source/AdministracionEfectivo.ear/AdministracionEfectivo-ear-exploded/AdministracionEfectivo-web-0-0-1-SNAPSHOT-war-exploded/WEB-INF/lib/c3p0-0.9.1.1.jar/c3p0-0.9.1.1.jar
  provider: java
- dependencies:
  - labels:
    - konveyor.io/dep-source=open-source
    - konveyor.io/language=java
    name: org.codehaus.castor.castor
    prefix: file:///root/.m2/repository/org/codehaus/castor/castor/1.2
    resolvedIdentifier: 351847d8a41175565b5faa54fab42fe20fe6cc91
    version: '1.2'
  fileURI: /opt/input/source/AdministracionEfectivo.ear/AdministracionEfectivo-ear-exploded/AdministracionEfectivo-web-0-0-1-SNAPSHOT-war-exploded/WEB-INF/lib/castor-1.2.jar/castor-1.2.jar
  provider: java
- dependencies:
  - name: com.ibm.ws.jsf.jar
  fileURI: /opt/input/source/AdministracionEfectivo.ear/AdministracionEfectivo-ear-exploded/AdministracionEfectivo-web-0-0-1-SNAPSHOT-war-exploded/WEB-INF/lib/com.ibm.ws.jsf.jar/com.ibm.ws.jsf.jar
  provider: java
- dependencies:
  - labels:
    - konveyor.io/dep-source=open-source
    - konveyor.io/language=java
    name: commons-beanutils.commons-beanutils
    prefix: file:///root/.m2/repository/commons-beanutils/commons-beanutils/1.8.0
    resolvedIdentifier: 0c651d5103c649c12b20d53731643e5fffceb536
    version: 1.8.0
  fileURI: /opt/input/source/AdministracionEfectivo.ear/AdministracionEfectivo-ear-exploded/AdministracionEfectivo-web-0-0-1-SNAPSHOT-war-exploded/WEB-INF/lib/commons-beanutils-1.8.0.jar/commons-beanutils-1.8.0.jar
  provider: java
- dependencies:
  - labels:
    - konveyor.io/dep-source=open-source
    - konveyor.io/language=java
    name: commons-collections.commons-collections
    prefix: file:///root/.m2/repository/commons-collections/commons-collections/2.1
    resolvedIdentifier: 8e10f94f30ea064eee3cb94f864dc9c31e30e8af
    version: '2.1'
  fileURI: /opt/input/source/AdministracionEfectivo.ear/AdministracionEfectivo-ear-exploded/AdministracionEfectivo-web-0-0-1-SNAPSHOT-war-exploded/WEB-INF/lib/commons-collections-2.1.jar/commons-collections-2.1.jar
  provider: java
- dependencies:
  - labels:
    - konveyor.io/dep-source=open-source
    - konveyor.io/language=java
    name: commons-digester.commons-digester
    prefix: file:///root/.m2/repository/commons-digester/commons-digester/2.1
    resolvedIdentifier: 73a8001e7a54a255eef0f03521ec1805dc738ca0
    version: '2.1'
  fileURI: /opt/input/source/AdministracionEfectivo.ear/AdministracionEfectivo-ear-exploded/AdministracionEfectivo-web-0-0-1-SNAPSHOT-war-exploded/WEB-INF/lib/commons-digester-2.1.jar/commons-digester-2.1.jar
  provider: java
- dependencies:
  - labels:
    - konveyor.io/dep-source=open-source
    - konveyor.io/language=java
    name: commons-logging.commons-logging
    prefix: file:///root/.m2/repository/commons-logging/commons-logging/1.1.1
    resolvedIdentifier: 5043bfebc3db072ed80fbd362e7caf00e885d8ae
    version: 1.1.1
  fileURI: /opt/input/source/AdministracionEfectivo.ear/AdministracionEfectivo-ear-exploded/AdministracionEfectivo-web-0-0-1-SNAPSHOT-war-exploded/WEB-INF/lib/commons-logging-1.1.1.jar/commons-logging-1.1.1.jar
  provider: java
- dependencies:
  - name: dom4j-1.6.1.jar
  fileURI: /opt/input/source/AdministracionEfectivo.ear/AdministracionEfectivo-ear-exploded/AdministracionEfectivo-web-0-0-1-SNAPSHOT-war-exploded/WEB-INF/lib/dom4j-1.6.1.jar/dom4j-1.6.1.jar
  provider: java
- dependencies:
  - labels:
    - konveyor.io/dep-source=open-source
    - konveyor.io/language=java
    name: org.hibernate.common.hibernate-commons-annotations
    prefix: file:///root/.m2/repository/org/hibernate/common/hibernate-commons-annotations/4.0.1.Final
    resolvedIdentifier: 78bcf608d997d0529be2f4f781fdc89e801c9e88
    version: 4.0.1.Final
  fileURI: /opt/input/source/AdministracionEfectivo.ear/AdministracionEfectivo-ear-exploded/AdministracionEfectivo-web-0-0-1-SNAPSHOT-war-exploded/WEB-INF/lib/hibernate-commons-annotations-4.0.1.Final.jar/hibernate-commons-annotations-4.0.1.Final.jar
  provider: java
- dependencies:
  - labels:
    - konveyor.io/dep-source=open-source
    - konveyor.io/language=java
    name: org.hibernate.hibernate-core
    prefix: file:///root/.m2/repository/org/hibernate/hibernate-core/4.1.4.Final
    resolvedIdentifier: 811b5e2b3e13adae69078f8435990812276ea9df
    version: 4.1.4.Final
  fileURI: /opt/input/source/AdministracionEfectivo.ear/AdministracionEfectivo-ear-exploded/AdministracionEfectivo-web-0-0-1-SNAPSHOT-war-exploded/WEB-INF/lib/hibernate-core-4.1.4.Final.jar/hibernate-core-4.1.4.Final.jar
  provider: java
- dependencies:
  - labels:
    - konveyor.io/dep-source=open-source
    - konveyor.io/language=java
    name: org.hibernate.javax.persistence.hibernate-jpa-2.0-api
    prefix: file:///root/.m2/repository/org/hibernate/javax/persistence/hibernate-jpa-2.0-api/1.0.1.Final
    resolvedIdentifier: 3306a165afa81938fc3d8a0948e891de9f6b192b
    version: 1.0.1.Final
  fileURI: /opt/input/source/AdministracionEfectivo.ear/AdministracionEfectivo-ear-exploded/AdministracionEfectivo-web-0-0-1-SNAPSHOT-war-exploded/WEB-INF/lib/hibernate-jpa-2.0-api-1.0.1.Final.jar/hibernate-jpa-2.0-api-1.0.1.Final.jar
  provider: java
- dependencies:
  - labels:
    - konveyor.io/dep-source=open-source
    - konveyor.io/language=java
    name: org.hibernate.hibernate-validator
    prefix: file:///root/.m2/repository/org/hibernate/hibernate-validator/4.1.0.Final
    resolvedIdentifier: 785cceeb0b0dbd03367f45cd60eb26cd48167640
    version: 4.1.0.Final
  fileURI: /opt/input/source/AdministracionEfectivo.ear/AdministracionEfectivo-ear-exploded/AdministracionEfectivo-web-0-0-1-SNAPSHOT-war-exploded/WEB-INF/lib/hibernate-validator-4.1.0.Final.jar/hibernate-validator-4.1.0.Final.jar
  provider: java
- dependencies:
  - name: itext-2.1.7.js2.jar
  fileURI: /opt/input/source/AdministracionEfectivo.ear/AdministracionEfectivo-ear-exploded/AdministracionEfectivo-web-0-0-1-SNAPSHOT-war-exploded/WEB-INF/lib/itext-2.1.7.js2.jar/itext-2.1.7.js2.jar
  provider: java
- dependencies:
  - name: j2ee.jar
  fileURI: /opt/input/source/AdministracionEfectivo.ear/AdministracionEfectivo-ear-exploded/AdministracionEfectivo-web-0-0-1-SNAPSHOT-war-exploded/WEB-INF/lib/j2ee.jar/j2ee.jar
  provider: java
- dependencies:
  - labels:
    - konveyor.io/dep-source=open-source
    - konveyor.io/language=java
    name: com.fasterxml.jackson.core.jackson-annotations
    prefix: file:///root/.m2/repository/com/fasterxml/jackson/core/jackson-annotations/2.1.4
    resolvedIdentifier: 76b956e45e19e4e081a9c52a68a3c078e3b2cf17
    version: 2.1.4
  fileURI: /opt/input/source/AdministracionEfectivo.ear/AdministracionEfectivo-ear-exploded/AdministracionEfectivo-web-0-0-1-SNAPSHOT-war-exploded/WEB-INF/lib/jackson-annotations-2.1.4.jar/jackson-annotations-2.1.4.jar
  provider: java
- dependencies:
  - labels:
    - konveyor.io/dep-source=open-source
    - konveyor.io/language=java
    name: com.fasterxml.jackson.core.jackson-core
    prefix: file:///root/.m2/repository/com/fasterxml/jackson/core/jackson-core/2.1.4
    resolvedIdentifier: 08896e10f8b07918b60c835b45a05507fa213e84
    version: 2.1.4
  fileURI: /opt/input/source/AdministracionEfectivo.ear/AdministracionEfectivo-ear-exploded/AdministracionEfectivo-web-0-0-1-SNAPSHOT-war-exploded/WEB-INF/lib/jackson-core-2.1.4.jar/jackson-core-2.1.4.jar
  provider: java
- dependencies:
  - labels:
    - konveyor.io/dep-source=open-source
    - konveyor.io/language=java
    name: com.fasterxml.jackson.core.jackson-databind
    prefix: file:///root/.m2/repository/com/fasterxml/jackson/core/jackson-databind/2.1.4
    resolvedIdentifier: 61d1e5aaf474462b0c9bfef8aeb6a7205bd56a90
    version: 2.1.4
  fileURI: /opt/input/source/AdministracionEfectivo.ear/AdministracionEfectivo-ear-exploded/AdministracionEfectivo-web-0-0-1-SNAPSHOT-war-exploded/WEB-INF/lib/jackson-databind-2.1.4.jar/jackson-databind-2.1.4.jar
  provider: java
- dependencies:
  - labels:
    - konveyor.io/dep-source=open-source
    - konveyor.io/language=java
    name: net.sf.jasperreports.jasperreports
    prefix: file:///root/.m2/repository/net/sf/jasperreports/jasperreports/5.5.0
    resolvedIdentifier: 4eb362300120b5cbf0cdd9f0c59c7db2bcfdef65
    version: 5.5.0
  fileURI: /opt/input/source/AdministracionEfectivo.ear/AdministracionEfectivo-ear-exploded/AdministracionEfectivo-web-0-0-1-SNAPSHOT-war-exploded/WEB-INF/lib/jasperreports-5.5.0.jar/jasperreports-5.5.0.jar
  provider: java
- dependencies:
  - labels:
    - konveyor.io/dep-source=open-source
    - konveyor.io/language=java
    name: org.jasypt.jasypt
    prefix: file:///root/.m2/repository/org/jasypt/jasypt/1.9.0
    resolvedIdentifier: 0857a1a55a81641c31b2a9b4b292120c1d4432bd
    version: 1.9.0
  fileURI: /opt/input/source/AdministracionEfectivo.ear/AdministracionEfectivo-ear-exploded/AdministracionEfectivo-web-0-0-1-SNAPSHOT-war-exploded/WEB-INF/lib/jasypt-1.9.0.jar/jasypt-1.9.0.jar
  provider: java
- dependencies:
  - labels:
    - konveyor.io/dep-source=open-source
    - konveyor.io/language=java
    name: org.javassist.javassist
    prefix: file:///root/.m2/repository/org/javassist/javassist/3.15.0-GA
    resolvedIdentifier: 79907309ca4bb4e5e51d4086cc4179b2611358d7
    version: 3.15.0-GA
  fileURI: /opt/input/source/AdministracionEfectivo.ear/AdministracionEfectivo-ear-exploded/AdministracionEfectivo-web-0-0-1-SNAPSHOT-war-exploded/WEB-INF/lib/javassist-3.15.0-GA.jar/javassist-3.15.0-GA.jar
  provider: java
- dependencies:
  - labels:
    - konveyor.io/dep-source=open-source
    - konveyor.io/language=java
    name: org.eclipse.persistence.javax.persistence
    prefix: file:///root/.m2/repository/org/eclipse/persistence/javax.persistence/2.0.0
    resolvedIdentifier: bff9b1d9de629095001f1a4e77f450b2d6487b07
    version: 2.0.0
  fileURI: /opt/input/source/AdministracionEfectivo.ear/AdministracionEfectivo-ear-exploded/AdministracionEfectivo-web-0-0-1-SNAPSHOT-war-exploded/WEB-INF/lib/javax.persistence-2.0.0.jar/javax.persistence-2.0.0.jar
  provider: java
- dependencies:
  - labels:
    - konveyor.io/dep-source=open-source
    - konveyor.io/language=java
    name: org.jboss.logging.jboss-logging
    prefix: file:///root/.m2/repository/org/jboss/logging/jboss-logging/3.1.0.CR2
    resolvedIdentifier: 28725380c07f917ace4e511db21cc45e9ae5a72b
    version: 3.1.0.CR2
  fileURI: /opt/input/source/AdministracionEfectivo.ear/AdministracionEfectivo-ear-exploded/AdministracionEfectivo-web-0-0-1-SNAPSHOT-war-exploded/WEB-INF/lib/jboss-logging-3.1.0.CR2.jar/jboss-logging-3.1.0.CR2.jar
  provider: java
- dependencies:
  - labels:
    - konveyor.io/dep-source=open-source
    - konveyor.io/language=java
    name: org.jboss.spec.javax.transaction.jboss-transaction-api_1.1_spec
    prefix: file:///root/.m2/repository/org/jboss/spec/javax/transaction/jboss-transaction-api_1.1_spec/1.0.0.Final
    resolvedIdentifier: 2ab6236535e085d86f37fd97ddfdd35c88c1a419
    version: 1.0.0.Final
  fileURI: /opt/input/source/AdministracionEfectivo.ear/AdministracionEfectivo-ear-exploded/AdministracionEfectivo-web-0-0-1-SNAPSHOT-war-exploded/WEB-INF/lib/jboss-transaction-api_1.1_spec-1.0.0.Final.jar/jboss-transaction-api_1.1_spec-1.0.0.Final.jar
  provider: java
- dependencies:
  - labels:
    - konveyor.io/dep-source=open-source
    - konveyor.io/language=java
    name: jfree.jcommon
    prefix: file:///root/.m2/repository/jfree/jcommon/1.0.15
    resolvedIdentifier: 6495e4f3777a24fd34c1544a8606243a600365c3
    version: 1.0.15
  fileURI: /opt/input/source/AdministracionEfectivo.ear/AdministracionEfectivo-ear-exploded/AdministracionEfectivo-web-0-0-1-SNAPSHOT-war-exploded/WEB-INF/lib/jcommon-1.0.15.jar/jcommon-1.0.15.jar
  provider: java
- dependencies:
  - labels:
    - konveyor.io/dep-source=open-source
    - konveyor.io/language=java
    name: eclipse.jdtcore
    prefix: file:///root/.m2/repository/eclipse/jdtcore/3.1.0
    resolvedIdentifier: c5e3e72ae7220118c3da808628ec7016d4d8aef2
    version: 3.1.0
  fileURI: /opt/input/source/AdministracionEfectivo.ear/AdministracionEfectivo-ear-exploded/AdministracionEfectivo-web-0-0-1-SNAPSHOT-war-exploded/WEB-INF/lib/jdtcore-3.1.0.jar/jdtcore-3.1.0.jar
  provider: java
- dependencies:
  - labels:
    - konveyor.io/dep-source=open-source
    - konveyor.io/language=java
    name: jfree.jfreechart
    prefix: file:///root/.m2/repository/jfree/jfreechart/1.0.12
    resolvedIdentifier: 47e8a2e9e052d292e416a6fd5292a77b54c48fac
    version: 1.0.12
  fileURI: /opt/input/source/AdministracionEfectivo.ear/AdministracionEfectivo-ear-exploded/AdministracionEfectivo-web-0-0-1-SNAPSHOT-war-exploded/WEB-INF/lib/jfreechart-1.0.12.jar/jfreechart-1.0.12.jar
  provider: java
- dependencies:
  - labels:
    - konveyor.io/dep-source=open-source
    - konveyor.io/language=java
    name: log4j.log4j
    prefix: file:///root/.m2/repository/log4j/log4j/1.2.12
    resolvedIdentifier: 057b8740427ee6d7b0b60792751356cad17dc0d9
    version: 1.2.12
  fileURI: /opt/input/source/AdministracionEfectivo.ear/AdministracionEfectivo-ear-exploded/AdministracionEfectivo-web-0-0-1-SNAPSHOT-war-exploded/WEB-INF/lib/log4j-1.2.12.jar/log4j-1.2.12.jar
  provider: java
- dependencies:
  - name: ojdbc6-11.2.0.3.jar
  fileURI: /opt/input/source/AdministracionEfectivo.ear/AdministracionEfectivo-ear-exploded/AdministracionEfectivo-web-0-0-1-SNAPSHOT-war-exploded/WEB-INF/lib/ojdbc6-11.2.0.3.jar/ojdbc6-11.2.0.3.jar
  provider: java
- dependencies:
  - labels:
    - konveyor.io/dep-source=open-source
    - konveyor.io/language=java
    name: org.quartz-scheduler.quartz
    prefix: file:///root/.m2/repository/org/quartz-scheduler/quartz/2.2.0
    resolvedIdentifier: 2eb16fce055d5f3c9d65420f6fc4efd3a079a3d8
    version: 2.2.0
  fileURI: /opt/input/source/AdministracionEfectivo.ear/AdministracionEfectivo-ear-exploded/AdministracionEfectivo-web-0-0-1-SNAPSHOT-war-exploded/WEB-INF/lib/quartz-2.2.0.jar/quartz-2.2.0.jar
  provider: java
- dependencies:
  - labels:
    - konveyor.io/dep-source=open-source
    - konveyor.io/language=java
    name: org.quartz-scheduler.quartz-jobs
    prefix: file:///root/.m2/repository/org/quartz-scheduler/quartz-jobs/2.2.0
    resolvedIdentifier: 865fa48d18a3fee0164a14423f0fbef3dc5fd04b
    version: 2.2.0
  fileURI: /opt/input/source/AdministracionEfectivo.ear/AdministracionEfectivo-ear-exploded/AdministracionEfectivo-web-0-0-1-SNAPSHOT-war-exploded/WEB-INF/lib/quartz-jobs-2.2.0.jar/quartz-jobs-2.2.0.jar
  provider: java
- dependencies:
  - labels:
    - konveyor.io/dep-source=open-source
    - konveyor.io/language=java
    name: org.slf4j.slf4j-api
    prefix: file:///root/.m2/repository/org/slf4j/slf4j-api/1.6.1
    resolvedIdentifier: 6f3b8a24bf970f17289b234284c94f43eb42f0e4
    version: 1.6.1
  fileURI: /opt/input/source/AdministracionEfectivo.ear/AdministracionEfectivo-ear-exploded/AdministracionEfectivo-web-0-0-1-SNAPSHOT-war-exploded/WEB-INF/lib/slf4j-api-1.6.1.jar/slf4j-api-1.6.1.jar
  provider: java
- dependencies:
  - labels:
    - konveyor.io/dep-source=open-source
    - konveyor.io/language=java
    name: org.slf4j.slf4j-log4j12
    prefix: file:///root/.m2/repository/org/slf4j/slf4j-log4j12/1.7.5
    resolvedIdentifier: 6edffc576ce104ec769d954618764f39f0f0f10d
    version: 1.7.5
  fileURI: /opt/input/source/AdministracionEfectivo.ear/AdministracionEfectivo-ear-exploded/AdministracionEfectivo-web-0-0-1-SNAPSHOT-war-exploded/WEB-INF/lib/slf4j-log4j12-1.7.5.jar/slf4j-log4j12-1.7.5.jar
  provider: java
- dependencies:
  - labels:
    - konveyor.io/dep-source=open-source
    - konveyor.io/language=java
    name: org.springframework.spring-aop
    prefix: file:///root/.m2/repository/org/springframework/spring-aop/3.0.5.RELEASE
    resolvedIdentifier: 0c7a17803cc10512e26e285073639543f0c7c764
    version: 3.0.5.RELEASE
  fileURI: /opt/input/source/AdministracionEfectivo.ear/AdministracionEfectivo-ear-exploded/AdministracionEfectivo-web-0-0-1-SNAPSHOT-war-exploded/WEB-INF/lib/spring-aop-3.0.5.RELEASE.jar/spring-aop-3.0.5.RELEASE.jar
  provider: java
- dependencies:
  - labels:
    - konveyor.io/dep-source=open-source
    - konveyor.io/language=java
    name: org.springframework.spring-asm
    prefix: file:///root/.m2/repository/org/springframework/spring-asm/3.0.5.RELEASE
    resolvedIdentifier: 07f22a0e9f325e6565b4ea56b479ad76311d146b
    version: 3.0.5.RELEASE
  fileURI: /opt/input/source/AdministracionEfectivo.ear/AdministracionEfectivo-ear-exploded/AdministracionEfectivo-web-0-0-1-SNAPSHOT-war-exploded/WEB-INF/lib/spring-asm-3.0.5.RELEASE.jar/spring-asm-3.0.5.RELEASE.jar
  provider: java
- dependencies:
  - labels:
    - konveyor.io/dep-source=open-source
    - konveyor.io/language=java
    name: org.springframework.spring-beans
    prefix: file:///root/.m2/repository/org/springframework/spring-beans/3.0.5.RELEASE
    resolvedIdentifier: 4b352a9c3b427294e264ca4d460d07417ca9350e
    version: 3.0.5.RELEASE
  fileURI: /opt/input/source/AdministracionEfectivo.ear/AdministracionEfectivo-ear-exploded/AdministracionEfectivo-web-0-0-1-SNAPSHOT-war-exploded/WEB-INF/lib/spring-beans-3.0.5.RELEASE.jar/spring-beans-3.0.5.RELEASE.jar
  provider: java
- dependencies:
  - labels:
    - konveyor.io/dep-source=open-source
    - konveyor.io/language=java
    name: org.springframework.spring-context
    prefix: file:///root/.m2/repository/org/springframework/spring-context/3.0.5.RELEASE
    resolvedIdentifier: 6b05e397566cc7750d2d25f81a7441fe1aeecb75
    version: 3.0.5.RELEASE
  fileURI: /opt/input/source/AdministracionEfectivo.ear/AdministracionEfectivo-ear-exploded/AdministracionEfectivo-web-0-0-1-SNAPSHOT-war-exploded/WEB-INF/lib/spring-context-3.0.5.RELEASE.jar/spring-context-3.0.5.RELEASE.jar
  provider: java
- dependencies:
  - labels:
    - konveyor.io/dep-source=open-source
    - konveyor.io/language=java
    name: org.springframework.spring-core
    prefix: file:///root/.m2/repository/org/springframework/spring-core/3.0.5.RELEASE
    resolvedIdentifier: 1633e94943d57746ef76910489f1cd71fe667e04
    version: 3.0.5.RELEASE
  fileURI: /opt/input/source/AdministracionEfectivo.ear/AdministracionEfectivo-ear-exploded/AdministracionEfectivo-web-0-0-1-SNAPSHOT-war-exploded/WEB-INF/lib/spring-core-3.0.5.RELEASE.jar/spring-core-3.0.5.RELEASE.jar
  provider: java
- dependencies:
  - labels:
    - konveyor.io/dep-source=open-source
    - konveyor.io/language=java
    name: org.springframework.spring-expression
    prefix: file:///root/.m2/repository/org/springframework/spring-expression/3.0.5.RELEASE
    resolvedIdentifier: 5b8e53877cb58c94f15a0d8172da3569f4b4f3fb
    version: 3.0.5.RELEASE
  fileURI: /opt/input/source/AdministracionEfectivo.ear/AdministracionEfectivo-ear-exploded/AdministracionEfectivo-web-0-0-1-SNAPSHOT-war-exploded/WEB-INF/lib/spring-expression-3.0.5.RELEASE.jar/spring-expression-3.0.5.RELEASE.jar
  provider: java
- dependencies:
  - labels:
    - konveyor.io/dep-source=open-source
    - konveyor.io/language=java
    name: javax.validation.validation-api
    prefix: file:///root/.m2/repository/javax/validation/validation-api/1.0.0.GA
    resolvedIdentifier: b6bd7f9d78f6fdaa3c37dae18a4bd298915f328e
    version: 1.0.0.GA
  fileURI: /opt/input/source/AdministracionEfectivo.ear/AdministracionEfectivo-ear-exploded/AdministracionEfectivo-web-0-0-1-SNAPSHOT-war-exploded/WEB-INF/lib/validation-api-1.0.0.GA.jar/validation-api-1.0.0.GA.jar
  provider: java
- dependencies:
  - labels:
    - konveyor.io/dep-source=open-source
    - konveyor.io/language=java
    name: xml-apis.xml-apis
    prefix: file:///root/.m2/repository/xml-apis/xml-apis/1.3.02
    resolvedIdentifier: dc7315e359b5e43f20131414d60b5c307aace975
    version: 1.3.02
  fileURI: /opt/input/source/AdministracionEfectivo.ear/AdministracionEfectivo-ear-exploded/AdministracionEfectivo-web-0-0-1-SNAPSHOT-war-exploded/WEB-INF/lib/xml-apis-1.3.02.jar/xml-apis-1.3.02.jar
  provider: java
